[xpressrow.com/html/cafena/cafena/index.html]
[backblue.gif]
[fade.gif]
[index.html]
[xpressrow.com/html/cafena/cafena/assets/images/logo/favicon.ico]
[xpressrow.com/html/cafena/cafena/assets/css/bootstrap.min.css]
[xpressrow.com/html/cafena/cafena/assets/css/font-awesome.min.css]
[xpressrow.com/html/cafena/cafena/assets/css/lightcase.css]
[xpressrow.com/html/cafena/cafena/assets/css/meanmenu.css]
[xpressrow.com/html/cafena/cafena/assets/css/nice-select.css]
[xpressrow.com/html/cafena/cafena/assets/css/owl.carousel.min.css]
[xpressrow.com/html/cafena/cafena/assets/css/animate.min.css]
[xpressrow.com/html/cafena/cafena/assets/css/jquery-ui.css]
[xpressrow.com/html/cafena/cafena/assets/css/main.css]
[xpressrow.com/html/cafena/cafena/home-2.html]
[xpressrow.com/html/cafena/cafena/home-3.html]
[xpressrow.com/html/cafena/cafena/about.html]
[xpressrow.com/html/cafena/cafena/menu.html]
[xpressrow.com/html/cafena/cafena/reservation.html]
[xpressrow.com/html/cafena/cafena/assets/images/logo/logo.png]
[xpressrow.com/html/cafena/cafena/blog.html]
[xpressrow.com/html/cafena/cafena/blog-details.html]
[xpressrow.com/html/cafena/cafena/chefs.html]
[xpressrow.com/html/cafena/cafena/faq.html]
[xpressrow.com/html/cafena/cafena/story.html]
[xpressrow.com/html/cafena/cafena/gallery.html]
[xpressrow.com/html/cafena/cafena/shop.html]
[xpressrow.com/html/cafena/cafena/product-details.html]
[xpressrow.com/html/cafena/cafena/cart.html]
[xpressrow.com/html/cafena/cafena/checkout.html]
[xpressrow.com/html/cafena/cafena/contact.html]
[xpressrow.com/html/cafena/cafena/assets/images/logo/logo-black.png]
[xpressrow.com/html/cafena/cafena/assets/images/top-grade/tg-1.png]
[xpressrow.com/html/cafena/cafena/assets/images/top-grade/tg-2.png]
[xpressrow.com/html/cafena/cafena/assets/images/top-grade/tg-3.png]
[xpressrow.com/html/cafena/cafena/assets/images/top-grade/tg-4.png]
[xpressrow.com/html/cafena/cafena/assets/images/hero/hero-img-3-1.jpg]
[xpressrow.com/html/cafena/cafena/assets/images/products/f-1.jpg]
[xpressrow.com/html/cafena/cafena/assets/images/shape/f-shape-1.png]
[xpressrow.com/html/cafena/cafena/assets/images/products/f-2.jpg]
[xpressrow.com/html/cafena/cafena/assets/images/products/f-3.jpg]
[xpressrow.com/html/cafena/cafena/assets/images/about/about-bg-3-1.jpg]
[xpressrow.com/html/cafena/cafena/assets/images/menu/menu-2-1.png]
[xpressrow.com/html/cafena/cafena/assets/images/menu/menu-2-2.png]
[xpressrow.com/html/cafena/cafena/assets/images/menu/menu-2-3.png]
[xpressrow.com/html/cafena/cafena/assets/images/menu/menu-2-4.png]
[xpressrow.com/html/cafena/cafena/assets/images/menu/menu-2-5.png]
[xpressrow.com/html/cafena/cafena/assets/images/menu/menu-2-6.png]
[xpressrow.com/html/cafena/cafena/assets/images/products/product-big.png]
[xpressrow.com/html/cafena/cafena/assets/images/bg/pp-bg-3-1.jpg]
[xpressrow.com/html/cafena/cafena/assets/images/products/pp-1.png]
[xpressrow.com/html/cafena/cafena/assets/images/products/pp-2.png]
[xpressrow.com/html/cafena/cafena/assets/images/products/pp-3.png]
[xpressrow.com/html/cafena/cafena/assets/images/icons/t-quote.png]
[xpressrow.com/html/cafena/cafena/assets/images/author/tm-author.png]
[xpressrow.com/html/cafena/cafena/assets/images/bg/footer-3-1.jpg]
[xpressrow.com/html/cafena/cafena/assets/images/blog/blog-1.jpg]
[xpressrow.com/html/cafena/cafena/assets/images/blog/blog-2.jpg]
[xpressrow.com/html/cafena/cafena/assets/images/blog/blog-3.jpg]
[xpressrow.com/html/cafena/cafena/assets/images/icons/ft-phone.png]
[xpressrow.com/html/cafena/cafena/assets/images/icons/ft-map-marker.png]
[xpressrow.com/html/cafena/cafena/assets/js/bootstrap.bundle.min.js]
[xpressrow.com/html/cafena/cafena/assets/js/jquery-2.2.4.min.js]
[xpressrow.com/html/cafena/cafena/assets/js/jquery.meanmenu.min.js]
[xpressrow.com/html/cafena/cafena/assets/js/jquery.nice-select.min.js]
[xpressrow.com/html/cafena/cafena/assets/js/lightcase.js]
[xpressrow.com/html/cafena/cafena/assets/js/owl.carousel.min.js]
[xpressrow.com/html/cafena/cafena/assets/js/tilt.jquery.min.js]
[xpressrow.com/html/cafena/cafena/assets/js/wow.min.js]
[xpressrow.com/html/cafena/cafena/assets/js/jquery.easing.min.js]
[xpressrow.com/html/cafena/cafena/assets/js/scrollwatch.js]
[xpressrow.com/html/cafena/cafena/assets/js/sticky-header.js]
[xpressrow.com/html/cafena/cafena/assets/js/waypoint.js]
[xpressrow.com/html/cafena/cafena/assets/js/imagesloaded.pkgd.min.js]
[xpressrow.com/html/cafena/cafena/assets/js/isotope.pkgd.min.js]
[xpressrow.com/html/cafena/cafena/assets/js/main.js]
[xpressrow.com/html/cafena/cafena/index.html]
[xpressrow.com/html/cafena/cafena/assets/css/bootstrap.min.css]
[xpressrow.com/html/cafena/cafena/assets/fonts/fa-brands-400.eot]
[xpressrow.com/html/cafena/cafena/assets/js/jquery-ui-slider-range.js]
[xpressrow.com/html/cafena/cafena/assets/fonts/fa-brands-400d41d.eot]
[xpressrow.com/html/cafena/cafena/assets/fonts/fa-brands-400.woff2]
[xpressrow.com/html/cafena/cafena/assets/fonts/fa-brands-400.woff]
[xpressrow.com/html/cafena/cafena/assets/fonts/fa-brands-400.ttf]
[xpressrow.com/html/cafena/cafena/assets/fonts/fa-light-300.eot]
[xpressrow.com/html/cafena/cafena/assets/fonts/fa-light-300d41d.eot]
[xpressrow.com/html/cafena/cafena/assets/fonts/fa-brands-400.svg]
[xpressrow.com/html/cafena/cafena/assets/fonts/fa-light-300.woff2]
[xpressrow.com/html/cafena/cafena/assets/fonts/fa-light-300.woff]
[xpressrow.com/html/cafena/cafena/assets/fonts/fa-light-300.ttf]
[xpressrow.com/html/cafena/cafena/assets/fonts/fa-regular-400.eot]
[xpressrow.com/html/cafena/cafena/assets/fonts/fa-regular-400d41d.eot]
[xpressrow.com/html/cafena/cafena/assets/fonts/fa-regular-400.woff2]
[xpressrow.com/html/cafena/cafena/assets/fonts/fa-regular-400.woff]
[xpressrow.com/html/cafena/cafena/assets/fonts/fa-light-300.svg]
[xpressrow.com/html/cafena/cafena/assets/fonts/fa-regular-400.ttf]
[xpressrow.com/html/cafena/cafena/assets/fonts/fa-solid-900.eot]
[xpressrow.com/html/cafena/cafena/assets/fonts/fa-solid-900d41d.eot]
[xpressrow.com/html/cafena/cafena/assets/fonts/fa-solid-900.woff2]
[xpressrow.com/html/cafena/cafena/assets/fonts/fa-solid-900.woff]
[xpressrow.com/html/cafena/cafena/assets/fonts/fa-regular-400.svg]
[xpressrow.com/html/cafena/cafena/assets/fonts/fa-solid-900.ttf]
[xpressrow.com/html/cafena/cafena/assets/css/font-awesome.min.css]
[xpressrow.com/html/cafena/cafena/assets/fonts/lightcaseeead.eot]
[xpressrow.com/html/cafena/cafena/assets/fonts/lightcaseeead.woff]
[xpressrow.com/html/cafena/cafena/assets/fonts/lightcaseeead.ttf]
[xpressrow.com/html/cafena/cafena/assets/fonts/lightcaseeead.svg]
[xpressrow.com/html/cafena/cafena/assets/css/lightcase.css]
[xpressrow.com/html/cafena/cafena/assets/css/meanmenu.css]
[xpressrow.com/html/cafena/cafena/assets/css/nice-select.css]
[xpressrow.com/html/cafena/cafena/assets/css/owl.video.play.html]
[xpressrow.com/html/cafena/cafena/assets/css/owl.carousel.min.css]
[xpressrow.com/html/cafena/cafena/assets/css/animate.min.css]
[xpressrow.com/html/cafena/cafena/assets/css/jquery-ui.css]
[xpressrow.com/html/cafena/cafena/assets/fonts/fa-solid-900.svg]
[xpressrow.com/html/cafena/cafena/assets/images/icons/cancel.png]
[xpressrow.com/html/cafena/cafena/assets/css/main.css]
[xpressrow.com/html/cafena/cafena/assets/images/shape/hero-shape-1.png]
[xpressrow.com/html/cafena/cafena/assets/images/shape/hero-shape-2.png]
[xpressrow.com/html/cafena/cafena/assets/images/hero/hero-img-1.png]
[xpressrow.com/html/cafena/cafena/assets/images/icons/f-icon-1.png]
[xpressrow.com/html/cafena/cafena/assets/images/icons/f-icon-2.png]
[xpressrow.com/html/cafena/cafena/assets/images/icons/f-icon-3.png]
[xpressrow.com/html/cafena/cafena/assets/images/icons/f-icon-4.png]
[xpressrow.com/html/cafena/cafena/assets/images/shape/about-shape-1.png]
[xpressrow.com/html/cafena/cafena/assets/images/shape/about-shape-2.png]
[xpressrow.com/html/cafena/cafena/assets/images/about/about-img-1.png]
[xpressrow.com/html/cafena/cafena/assets/images/shape/top-grade-shape-1.png]
[xpressrow.com/html/cafena/cafena/assets/images/shape/top-grade-shape-2.png]
[xpressrow.com/html/cafena/cafena/assets/images/shape/pp-shape-1.png]
[xpressrow.com/html/cafena/cafena/assets/images/bg/testimonial-bg-1.jpg]
[xpressrow.com/html/cafena/cafena/assets/images/shape/testimonial-shape-1.png]
[xpressrow.com/html/cafena/cafena/assets/images/shape/section-devider-shape.png]
[xpressrow.com/html/cafena/cafena/assets/images/shape/blog-section-shape-1.png]
[xpressrow.com/html/cafena/cafena/assets/images/shape/blog-section-shape-2.png]
[xpressrow.com/html/cafena/cafena/assets/images/shape/blog-shape-1.png]
[xpressrow.com/html/cafena/cafena/assets/images/shape/footer-top-shape-1.png]
[xpressrow.com/html/cafena/cafena/home-2.html]
[xpressrow.com/html/cafena/cafena/assets/images/shape/hero-shape-2-1.png]
[xpressrow.com/html/cafena/cafena/assets/images/shape/hero-shape-2-2.png]
[xpressrow.com/html/cafena/cafena/assets/images/hero/hero-img-2-1.png]
[xpressrow.com/html/cafena/cafena/assets/images/shape/about-shape-2-1.png]
[xpressrow.com/html/cafena/cafena/assets/images/shape/about-shape-2-2.png]
[xpressrow.com/html/cafena/cafena/assets/images/about/about-img-2-1.png]
[xpressrow.com/html/cafena/cafena/assets/images/about/about-img-2-2.png]
[xpressrow.com/html/cafena/cafena/assets/images/shape/menu-shape-1.png]
[xpressrow.com/html/cafena/cafena/assets/images/shape/menu-shape-2.png]
[xpressrow.com/html/cafena/cafena/assets/images/shape/menu-shape-3.png]
[xpressrow.com/html/cafena/cafena/assets/images/shape/menu-shape-4.png]
[xpressrow.com/html/cafena/cafena/assets/images/menu/menu-1.jpg]
[xpressrow.com/html/cafena/cafena/assets/images/menu/menu-2.jpg]
[xpressrow.com/html/cafena/cafena/assets/images/menu/menu-3.jpg]
[xpressrow.com/html/cafena/cafena/assets/images/menu/menu-4.jpg]
[xpressrow.com/html/cafena/cafena/assets/images/menu/menu-5.jpg]
[xpressrow.com/html/cafena/cafena/assets/images/menu/menu-6.jpg]
[xpressrow.com/html/cafena/cafena/assets/images/bg/testimonial-bg-2.jpg]
[xpressrow.com/html/cafena/cafena/assets/images/shape/top-grade-shape-2-1.png]
[xpressrow.com/html/cafena/cafena/assets/images/shape/top-grade-shape-2-2.png]
[xpressrow.com/html/cafena/cafena/assets/images/top-grade/tg-2-1.jpg]
[xpressrow.com/html/cafena/cafena/assets/images/top-grade/tg-2-2.jpg]
[xpressrow.com/html/cafena/cafena/assets/images/top-grade/tg-2-3.jpg]
[xpressrow.com/html/cafena/cafena/assets/images/top-grade/tg-2-4.jpg]
[xpressrow.com/html/cafena/cafena/assets/images/shape/blog-shape-2-1.png]
[xpressrow.com/html/cafena/cafena/assets/images/shape/blog-shape-2-2.png]
[xpressrow.com/html/cafena/cafena/assets/images/blog/blog-2-1.jpg]
[xpressrow.com/html/cafena/cafena/assets/images/blog/blog-2-2.jpg]
[xpressrow.com/html/cafena/cafena/assets/images/blog/blog-2-3.jpg]
[xpressrow.com/html/cafena/cafena/home-3.html]
[xpressrow.com/html/cafena/cafena/assets/images/shape/breadcrumb-shape-1.png]
[xpressrow.com/html/cafena/cafena/assets/images/shape/breadcrumb-shape-2.png]
[xpressrow.com/html/cafena/cafena/assets/images/icons/wcu-1.png]
[xpressrow.com/html/cafena/cafena/assets/images/icons/wcu-2.png]
[xpressrow.com/html/cafena/cafena/assets/images/bg/best-coffe-1.jpg]
[xpressrow.com/html/cafena/cafena/assets/images/team/team-1.jpg]
[xpressrow.com/html/cafena/cafena/assets/images/team/team-2.jpg]
[xpressrow.com/html/cafena/cafena/about.html]
[xpressrow.com/html/cafena/cafena/menu.html]
[xpressrow.com/html/cafena/cafena/reservation.html]
[xpressrow.com/html/cafena/cafena/assets/images/blog/blog-post-1.jpg]
[xpressrow.com/html/cafena/cafena/assets/images/author/blog-author-1.png]
[xpressrow.com/html/cafena/cafena/assets/images/blog/blog-post-2.jpg]
[xpressrow.com/html/cafena/cafena/assets/images/blog/blog-post-3.jpg]
[xpressrow.com/html/cafena/cafena/assets/images/blog/recent-posts/b-sm-1.png]
[xpressrow.com/html/cafena/cafena/assets/images/blog/recent-posts/b-sm-2.png]
[xpressrow.com/html/cafena/cafena/assets/images/blog/recent-posts/b-sm-3.png]
[xpressrow.com/html/cafena/cafena/assets/images/blog/recent-posts/b-sm-4.png]
[xpressrow.com/html/cafena/cafena/assets/images/blog/ad-bg-1.jpg]
[xpressrow.com/html/cafena/cafena/blog.html]
[xpressrow.com/html/cafena/cafena/assets/images/icons/filter.png]
[xpressrow.com/html/cafena/cafena/assets/images/blog/r-post-1.jpg]
[xpressrow.com/html/cafena/cafena/assets/images/blog/r-post-2.jpg]
[xpressrow.com/html/cafena/cafena/assets/images/author/author-1.jpg]
[xpressrow.com/html/cafena/cafena/assets/images/author/c-author-1.png]
[xpressrow.com/html/cafena/cafena/assets/images/author/c-author-2.png]
[xpressrow.com/html/cafena/cafena/assets/images/author/c-author-3.png]
[xpressrow.com/html/cafena/cafena/blog-details.html]
[xpressrow.com/html/cafena/cafena/assets/images/team/team-3.jpg]
[xpressrow.com/html/cafena/cafena/assets/images/team/team-4.jpg]
[xpressrow.com/html/cafena/cafena/assets/images/team/team-5.jpg]
[xpressrow.com/html/cafena/cafena/assets/images/team/team-6.jpg]
[xpressrow.com/html/cafena/cafena/chefs.html]
[xpressrow.com/html/cafena/cafena/faq.html]
[xpressrow.com/html/cafena/cafena/assets/images/bg/wwa-1.jpg]
[xpressrow.com/html/cafena/cafena/assets/images/story/story-1.jpg]
[xpressrow.com/html/cafena/cafena/assets/images/story/story-2.jpg]
[xpressrow.com/html/cafena/cafena/assets/images/story/story-3.jpg]
[xpressrow.com/html/cafena/cafena/assets/images/story/story-4.jpg]
[xpressrow.com/html/cafena/cafena/story.html]
[xpressrow.com/html/cafena/cafena/assets/images/gallery/gallery-1.jpg]
[xpressrow.com/html/cafena/cafena/assets/images/gallery/gallery-2.jpg]
[xpressrow.com/html/cafena/cafena/assets/images/gallery/gallery-3.jpg]
[xpressrow.com/html/cafena/cafena/assets/images/gallery/gallery-4.jpg]
[xpressrow.com/html/cafena/cafena/assets/images/gallery/gallery-5.jpg]
[xpressrow.com/html/cafena/cafena/assets/images/gallery/gallery-6.jpg]
[xpressrow.com/html/cafena/cafena/assets/images/gallery/gallery-7.jpg]
[xpressrow.com/html/cafena/cafena/gallery.html]
[xpressrow.com/html/cafena/cafena/assets/images/products/shop/s-p-1.png]
[xpressrow.com/html/cafena/cafena/assets/images/products/shop/s-p-2.png]
[xpressrow.com/html/cafena/cafena/assets/images/products/shop/s-p-3.png]
[xpressrow.com/html/cafena/cafena/assets/images/products/shop/s-p-4.png]
[xpressrow.com/html/cafena/cafena/assets/images/products/shop/s-p-5.png]
[xpressrow.com/html/cafena/cafena/assets/images/products/shop/s-p-6.png]
[xpressrow.com/html/cafena/cafena/assets/images/products/shop/s-p-7.png]
[xpressrow.com/html/cafena/cafena/assets/images/products/shop/s-p-8.png]
[xpressrow.com/html/cafena/cafena/assets/images/products/shop/s-p-9.png]
[xpressrow.com/html/cafena/cafena/assets/images/products/shop/s-p-10.png]
[xpressrow.com/html/cafena/cafena/assets/images/products/shop/s-p-11.png]
[xpressrow.com/html/cafena/cafena/assets/images/products/shop/s-p-12.png]
[xpressrow.com/html/cafena/cafena/assets/images/products/t-p-1.png]
[xpressrow.com/html/cafena/cafena/assets/images/products/t-p-2.png]
[xpressrow.com/html/cafena/cafena/assets/images/products/t-p-3.png]
[xpressrow.com/html/cafena/cafena/assets/images/products/t-p-4.png]
[xpressrow.com/html/cafena/cafena/shop.html]
[xpressrow.com/html/cafena/cafena/product-details.html]
[xpressrow.com/html/cafena/cafena/cart.html]
[xpressrow.com/html/cafena/cafena/checkout.html]
[xpressrow.com/html/cafena/cafena/assets/images/icons/ci-1.png]
[xpressrow.com/html/cafena/cafena/assets/images/icons/ci-2.png]
[xpressrow.com/html/cafena/cafena/assets/images/icons/ci-3.png]
[xpressrow.com/html/cafena/cafena/contact.html]
[xpressrow.com/html/cafena/cafena/assets/fonts/fa-brands-400.svg]
[xpressrow.com/html/cafena/cafena/assets/fonts/fa-light-300.svg]
[xpressrow.com/html/cafena/cafena/assets/fonts/fa-regular-400.svg]
[xpressrow.com/html/cafena/cafena/assets/fonts/fa-solid-900.svg]
[xpressrow.com/html/cafena/cafena/assets/fonts/lightcaseeead.svg]
[xpressrow.com/wp-content/plugins/under-construction-page/themes/css/bootstrap.min9ae1.css]
[xpressrow.com/wp-content/plugins/under-construction-page/themes/css/common9ae1.css]
[xpressrow.com/wp-content/plugins/under-construction-page/themes/mad_designer/style9ae1.css]
[xpressrow.com/wp-content/plugins/under-construction-page/themes/css/font-awesome.min9ae1.css]
[xpressrow.com/wp-content/plugins/under-construction-page/themes/images/favicon.png]
[xpressrow.com/wp-content/plugins/under-construction-page/themes/mad_designer/mad-designer.png]
[xpressrow.com/html/cafena/cafena/assets/css/owl.video.play.html]
[xpressrow.com/wp-content/plugins/under-construction-page/themes/css/bootstrap.min9ae1.css]
[xpressrow.com/wp-content/plugins/under-construction-page/themes/css/common9ae1.css]
[xpressrow.com/wp-content/plugins/under-construction-page/themes/mad_designer/style9ae1.css]
[xpressrow.com/wp-content/plugins/under-construction-page/themes/css/font-awesome.min9ae1.css]
